// Jest Snapshot v1, https://goo.gl/fbAQLP

exports[`Counter component Unit Tests should render 1`] = `
VueWrapper {
  "_emitted": Object {},
  "_emittedByOrder": Array [],
  "isFunctionalComponent": undefined,
}
`;
